[36mvite v7.3.1 [32mbuilding client environment for production...[36m[39m
transforming...
[32mΓ£ô[39m 41 modules transformed.
node.exe : 
[31mΓ£ù[39m Build 
failed in 384ms
At line:1 char:1
+ & "C:\Program 
Files\nodejs/node.exe" 
"C:\Program 
Files\nodejs/node_mo 
...
+ ~~~~~~~~~~~~~~~~~~~~~
~~~~~~~~~~~~~~~~~~~~~~~
~~~~~~~~~~~~~~~~~~~~~~~
~~
    + CategoryInfo     
         : NotSpecifi  
  ed: ([31mΓ£ù[39m   
  Build failed in 3    
84ms:String) [], R    
emoteException
    + FullyQualifiedEr 
   rorId : NativeComm  
  andError
 
[31merror during 
build:
[31mCould not resolve 
"../store/useStore" 
from "src/pages/Dashboa
rd.jsx"[31m
file: [36mC:/Users/iam
in/Documents/PROJECTS/T
hinkara/src/pages/Dashb
oard.jsx[31m
    at getRollupError (
file:///C:/Users/iamin/
Documents/PROJECTS/Thin
kara/node_modules/rollu
p/dist/es/shared/parseA
st.js:402:41)
    at error (file:///C
:/Users/iamin/Documents
/PROJECTS/Thinkara/node
_modules/rollup/dist/es
/shared/parseAst.js:398
:42)
    at ModuleLoader.han
dleInvalidResolvedId (f
ile:///C:/Users/iamin/D
ocuments/PROJECTS/Think
ara/node_modules/rollup
/dist/es/shared/node-en
try.js:21710:24)
    at file:///C:/Users
/iamin/Documents/PROJEC
TS/Thinkara/node_module
s/rollup/dist/es/shared
/node-entry.js:21670:26
[39m
